-- TEST BEGIN
== VIF0 ==
NOP (I):
  Status after transfer - MASK: aaaaaaaa, STAT: 00000c02
MARK (I):
  Status after transfer - MASK: cccccccc, STAT: 00000840
STMASK (I):
  Status after transfer - MASK: ffffffff, STAT: 00000c02

== VIF1 ==
NOP (I):
  Status after transfer - MASK: aaaaaaaa, STAT: 00000c02
MARK (I):
  Status after transfer - MASK: cccccccc, STAT: 00000840
STMASK (I):
  Status after transfer - MASK: ffffffff, STAT: 00000c02

-- TEST END
