-- TEST BEGIN
iadd
  iadd 0, 0: 0000 (no flag changes)
  iadd 0, 1: 0001 (no flag changes)
  iadd 1, 1: 0002 (no flag changes)
  iadd 1, 0: 0001 (no flag changes)
  iadd 2, 2: 0004 (no flag changes)
  iadd 65535, 1: 8002 (no flag changes)
  iadd 65535, 65535: 0002 (no flag changes)
  iadd 57005, 65535: 2154 (no flag changes)
  iadd 57005, 3855: b062 (no flag changes)
  iadd CVI_ZERO, CVI_ZERO: 0000 (no flag changes)
  iadd CVI_ZERO, CVI_ONE: 0001 (no flag changes)
  iadd CVI_ONE, CVI_ZERO: 0001 (no flag changes)
  iadd CVI_ONE, CVI_ONE: 0002 (no flag changes)
  iadd CVI_ONE, CVI_NEGONE: 0000 (no flag changes)
  iadd CVI_S16_MAX, CVI_S16_MAX: fffe (no flag changes)
  iadd CVI_S16_MIN, CVI_S16_MIN: 0000 (no flag changes)
  iadd CVI_S32_MAX, CVI_S32_MAX: fffe (no flag changes)
  iadd CVI_S32_MIN, CVI_S32_MIN: 0000 (no flag changes)
  iadd CVI_S64_MAX, CVI_S64_MAX: fffe (no flag changes)
  iadd CVI_S64_MIN, CVI_S64_MIN: 0000 (no flag changes)
  iadd CVI_GARBAGE1, CVI_GARBAGE2: d226 (no flag changes)
  iadd -> $0: 0000

iaddi
  iaddi 0, 0: 0000 (no flag changes)
  iaddi 0, 1: 0001 (no flag changes)
  iaddi 1, 1: 0002 (no flag changes)
  iaddi 0, 15: 000f (no flag changes)
  iaddi 0, -16: fff0 (no flag changes)
  iaddi 1233, 1: 04d2 (no flag changes)
  iaddi CVI_ZERO, 0: 0000 (no flag changes)
  iaddi CVI_ZERO, 1: 0001 (no flag changes)
  iaddi CVI_ONE, 0: 0001 (no flag changes)
  iaddi CVI_ONE, 1: 0002 (no flag changes)
  iaddi CVI_ONE, -1: 0000 (no flag changes)
  iaddi CVI_S16_MAX, 15: 800e (no flag changes)
  iaddi CVI_S16_MIN, -16: 7ff0 (no flag changes)
  iaddi CVI_S32_MAX, 15: 000e (no flag changes)
  iaddi CVI_S32_MIN, -16: fff0 (no flag changes)
  iaddi CVI_S64_MAX, 15: 000e (no flag changes)
  iaddi CVI_S64_MIN, -16: fff0 (no flag changes)
  iaddi CVI_GARBAGE1, 3: 133a (no flag changes)
  iaddi -> $0: 0000

iaddiu
  iaddiu 0, 0: 0000 (no flag changes)
  iaddiu 0, 1: 0001 (no flag changes)
  iaddiu 1, 1: 0002 (no flag changes)
  iaddiu 1, 0: 0001 (no flag changes)
  iaddiu 2, 2: 0004 (no flag changes)
  iaddiu 65535, 1: 8002 (no flag changes)
  iaddiu 65535, 32767: 0000 (no flag changes)
  iaddiu 57005, 32767: 2152 (no flag changes)
  iaddiu 57005, 3855: b062 (no flag changes)
  iaddiu CVI_ZERO, 0: 0000 (no flag changes)
  iaddiu CVI_ZERO, 1: 0001 (no flag changes)
  iaddiu CVI_ONE, 0: 0001 (no flag changes)
  iaddiu CVI_ONE, 1: 0002 (no flag changes)
  iaddiu CVI_ONE, 32767: 8000 (no flag changes)
  iaddiu CVI_S16_MAX, 32767: fffe (no flag changes)
  iaddiu CVI_S16_MIN, 32767: ffff (no flag changes)
  iaddiu CVI_S32_MAX, 32767: 7ffe (no flag changes)
  iaddiu CVI_S32_MIN, 32767: 7fff (no flag changes)
  iaddiu CVI_S64_MAX, 32767: 7ffe (no flag changes)
  iaddiu CVI_S64_MIN, 32767: 7fff (no flag changes)
  iaddiu CVI_GARBAGE1, 4919: 266e (no flag changes)
  iaddiu -> $0: 0000

iand
  iand 0, 0: 0000 (no flag changes)
  iand 0, 1: 0000 (no flag changes)
  iand 1, 1: 0001 (no flag changes)
  iand 1, 0: 0000 (no flag changes)
  iand 2, 2: 0002 (no flag changes)
  iand 65535, 1: 0001 (no flag changes)
  iand 65535, 65535: 8001 (no flag changes)
  iand 57005, 65535: 8001 (no flag changes)
  iand 57005, 3855: 0103 (no flag changes)
  iand CVI_ZERO, CVI_ZERO: 0000 (no flag changes)
  iand CVI_ZERO, CVI_ONE: 0000 (no flag changes)
  iand CVI_ONE, CVI_ZERO: 0000 (no flag changes)
  iand CVI_ONE, CVI_ONE: 0001 (no flag changes)
  iand CVI_ONE, CVI_NEGONE: 0001 (no flag changes)
  iand CVI_S16_MAX, CVI_S16_MAX: 7fff (no flag changes)
  iand CVI_S16_MIN, CVI_S16_MIN: 8000 (no flag changes)
  iand CVI_S32_MAX, CVI_S32_MAX: ffff (no flag changes)
  iand CVI_S32_MIN, CVI_S32_MIN: 0000 (no flag changes)
  iand CVI_S64_MAX, CVI_S64_MAX: ffff (no flag changes)
  iand CVI_S64_MIN, CVI_S64_MIN: 0000 (no flag changes)
  iand CVI_GARBAGE1, CVI_GARBAGE2: 1227 (no flag changes)
  iand -> $0: 0000

ior
  ior 0, 0: 0000 (no flag changes)
  ior 0, 1: 0001 (no flag changes)
  ior 1, 1: 0001 (no flag changes)
  ior 1, 0: 0001 (no flag changes)
  ior 2, 2: 0002 (no flag changes)
  ior 65535, 1: 8001 (no flag changes)
  ior 65535, 65535: 8001 (no flag changes)
  ior 57005, 65535: a153 (no flag changes)
  ior 57005, 3855: af5f (no flag changes)
  ior CVI_ZERO, CVI_ZERO: 0000 (no flag changes)
  ior CVI_ZERO, CVI_ONE: 0001 (no flag changes)
  ior CVI_ONE, CVI_ZERO: 0001 (no flag changes)
  ior CVI_ONE, CVI_ONE: 0001 (no flag changes)
  ior CVI_ONE, CVI_NEGONE: ffff (no flag changes)
  ior CVI_S16_MAX, CVI_S16_MAX: 7fff (no flag changes)
  ior CVI_S16_MIN, CVI_S16_MIN: 8000 (no flag changes)
  ior CVI_S32_MAX, CVI_S32_MAX: ffff (no flag changes)
  ior CVI_S32_MIN, CVI_S32_MIN: 0000 (no flag changes)
  ior CVI_S64_MAX, CVI_S64_MAX: ffff (no flag changes)
  ior CVI_S64_MIN, CVI_S64_MIN: 0000 (no flag changes)
  ior CVI_GARBAGE1, CVI_GARBAGE2: bfff (no flag changes)
  ior -> $0: 0000

isub
  isub 0, 0: 0000 (no flag changes)
  isub 0, 1: ffff (no flag changes)
  isub 1, 1: 0000 (no flag changes)
  isub 1, 0: 0001 (no flag changes)
  isub 2, 2: 0000 (no flag changes)
  isub 65535, 1: 8000 (no flag changes)
  isub 65535, 65535: 0000 (no flag changes)
  isub 57005, 65535: 2152 (no flag changes)
  isub 57005, 3855: 9244 (no flag changes)
  isub CVI_ZERO, CVI_ZERO: 0000 (no flag changes)
  isub CVI_ZERO, CVI_ONE: ffff (no flag changes)
  isub CVI_ONE, CVI_ZERO: 0001 (no flag changes)
  isub CVI_ONE, CVI_ONE: 0000 (no flag changes)
  isub CVI_ONE, CVI_NEGONE: 0002 (no flag changes)
  isub CVI_S16_MAX, CVI_S16_MAX: 0000 (no flag changes)
  isub CVI_S16_MIN, CVI_S16_MIN: 0000 (no flag changes)
  isub CVI_S32_MAX, CVI_S32_MAX: 0000 (no flag changes)
  isub CVI_S32_MIN, CVI_S32_MIN: 0000 (no flag changes)
  isub CVI_S64_MAX, CVI_S64_MAX: 0000 (no flag changes)
  isub CVI_S64_MIN, CVI_S64_MIN: 0000 (no flag changes)
  isub CVI_GARBAGE1, CVI_GARBAGE2: 5448 (no flag changes)
  isub -> $0: 0000

isubiu
  isubiu 0, 0: 0000 (no flag changes)
  isubiu 0, 1: ffff (no flag changes)
  isubiu 1, 1: 0000 (no flag changes)
  isubiu 1, 0: 0001 (no flag changes)
  isubiu 2, 2: 0000 (no flag changes)
  isubiu 65535, 1: 8000 (no flag changes)
  isubiu 65535, 32767: 0002 (no flag changes)
  isubiu 57005, 32767: 2154 (no flag changes)
  isubiu 57005, 3855: 9244 (no flag changes)
  isubiu CVI_ZERO, 0: 0000 (no flag changes)
  isubiu CVI_ZERO, 1: ffff (no flag changes)
  isubiu CVI_ONE, 0: 0001 (no flag changes)
  isubiu CVI_ONE, 1: 0000 (no flag changes)
  isubiu CVI_ONE, 32767: 8002 (no flag changes)
  isubiu CVI_S16_MAX, 32767: 0000 (no flag changes)
  isubiu CVI_S16_MIN, 32767: 0001 (no flag changes)
  isubiu CVI_S32_MAX, 32767: 8000 (no flag changes)
  isubiu CVI_S32_MIN, 32767: 8001 (no flag changes)
  isubiu CVI_S64_MAX, 32767: 8000 (no flag changes)
  isubiu CVI_S64_MIN, 32767: 8001 (no flag changes)
  isubiu CVI_GARBAGE1, 4919: 0000 (no flag changes)
  isubiu -> $0: 0000

-- TEST END
