-- TEST BEGIN
viadd:
  viadd 0, 0: 0000 (no flag changes)
  viadd 0, 1: 0001 (no flag changes)
  viadd 1, 1: 0002 (no flag changes)
  viadd 1, 0: 0001 (no flag changes)
  viadd 2, 2: 0004 (no flag changes)
  viadd -1, 1: 0000 (no flag changes)
  viadd -1, -1: fffe (no flag changes)
  viadd 57005, 65535: deac (no flag changes)
  viadd 57005, 3855: edbc (no flag changes)
  viadd CVI_ZERO, CVI_ZERO: 0000 (no flag changes)
  viadd CVI_ZERO, CVI_ONE: 0001 (no flag changes)
  viadd CVI_ONE, CVI_ZERO: 0001 (no flag changes)
  viadd CVI_ONE, CVI_ONE: 0002 (no flag changes)
  viadd CVI_ONE, CVI_NEGONE: 0000 (no flag changes)
  viadd CVI_S16_MAX, CVI_S16_MAX: fffe (no flag changes)
  viadd CVI_S16_MIN, CVI_S16_MIN: 0000 (no flag changes)
  viadd CVI_S32_MAX, CVI_S32_MAX: fffe (no flag changes)
  viadd CVI_S32_MIN, CVI_S32_MIN: 0000 (no flag changes)
  viadd CVI_S64_MAX, CVI_S64_MAX: fffe (no flag changes)
  viadd CVI_S64_MIN, CVI_S64_MIN: 0000 (no flag changes)
  viadd CVI_GARBAGE1, CVI_GARBAGE2: d226 (no flag changes)
  viadd -> $0: 0000

viaddi:
  viaddi 0, 0: 0000 (no flag changes)
  viaddi 1, 1: 0002 (no flag changes)
  viaddi 0, 15: 000f (no flag changes)
  viaddi 0, -16: fff0 (no flag changes)
  viaddi 1233, 1: 04d2 (no flag changes)
  viaddi CVI_ZERO, 0: 0000 (no flag changes)
  viaddi CVI_ZERO, 1: 0001 (no flag changes)
  viaddi CVI_ONE, 0: 0001 (no flag changes)
  viaddi CVI_ONE, 1: 0002 (no flag changes)
  viaddi CVI_ONE, -1: 0000 (no flag changes)
  viaddi CVI_S16_MAX, 15: 800e (no flag changes)
  viaddi CVI_S16_MIN, -16: 7ff0 (no flag changes)
  viaddi CVI_S32_MAX, 15: 000e (no flag changes)
  viaddi CVI_S32_MIN, -16: fff0 (no flag changes)
  viaddi CVI_S64_MAX, 15: 000e (no flag changes)
  viaddi CVI_S64_MIN, -15: fff1 (no flag changes)
  viaddi CVI_GARBAGE1, 3: 133a (no flag changes)
  viaddi -> $0: 0000

viand:
  viand 0, 0: 0000 (no flag changes)
  viand 0, 1: 0000 (no flag changes)
  viand 1, 1: 0001 (no flag changes)
  viand 1, 0: 0000 (no flag changes)
  viand 2, 2: 0002 (no flag changes)
  viand -1, 1: 0001 (no flag changes)
  viand -1, -1: ffff (no flag changes)
  viand 57005, 65535: dead (no flag changes)
  viand 57005, 3855: 0e0d (no flag changes)
  viand CVI_ZERO, CVI_ZERO: 0000 (no flag changes)
  viand CVI_ZERO, CVI_ONE: 0000 (no flag changes)
  viand CVI_ONE, CVI_ZERO: 0000 (no flag changes)
  viand CVI_ONE, CVI_ONE: 0001 (no flag changes)
  viand CVI_ONE, CVI_NEGONE: 0001 (no flag changes)
  viand CVI_S16_MAX, CVI_S16_MAX: 7fff (no flag changes)
  viand CVI_S16_MIN, CVI_S16_MIN: 8000 (no flag changes)
  viand CVI_S32_MAX, CVI_S32_MAX: ffff (no flag changes)
  viand CVI_S32_MIN, CVI_S32_MIN: 0000 (no flag changes)
  viand CVI_S64_MAX, CVI_S64_MAX: ffff (no flag changes)
  viand CVI_S64_MIN, CVI_S64_MIN: 0000 (no flag changes)
  viand CVI_GARBAGE1, CVI_GARBAGE2: 1227 (no flag changes)
  viand -> $0: 0000

vior:
  vior 0, 0: 0000 (no flag changes)
  vior 0, 1: 0001 (no flag changes)
  vior 1, 1: 0001 (no flag changes)
  vior 1, 0: 0001 (no flag changes)
  vior 2, 2: 0002 (no flag changes)
  vior -1, 1: ffff (no flag changes)
  vior -1, -1: ffff (no flag changes)
  vior 57005, 65535: ffff (no flag changes)
  vior 57005, 3855: dfaf (no flag changes)
  vior CVI_ZERO, CVI_ZERO: 0000 (no flag changes)
  vior CVI_ZERO, CVI_ONE: 0001 (no flag changes)
  vior CVI_ONE, CVI_ZERO: 0001 (no flag changes)
  vior CVI_ONE, CVI_ONE: 0001 (no flag changes)
  vior CVI_ONE, CVI_NEGONE: ffff (no flag changes)
  vior CVI_S16_MAX, CVI_S16_MAX: 7fff (no flag changes)
  vior CVI_S16_MIN, CVI_S16_MIN: 8000 (no flag changes)
  vior CVI_S32_MAX, CVI_S32_MAX: ffff (no flag changes)
  vior CVI_S32_MIN, CVI_S32_MIN: 0000 (no flag changes)
  vior CVI_S64_MAX, CVI_S64_MAX: ffff (no flag changes)
  vior CVI_S64_MIN, CVI_S64_MIN: 0000 (no flag changes)
  vior CVI_GARBAGE1, CVI_GARBAGE2: bfff (no flag changes)
  vior -> $0: 0000

visub:
  visub 0, 0: 0000 (no flag changes)
  visub 0, 1: ffff (no flag changes)
  visub 1, 1: 0000 (no flag changes)
  visub 1, 0: 0001 (no flag changes)
  visub 2, 2: 0000 (no flag changes)
  visub -1, 1: fffe (no flag changes)
  visub -1, -1: 0000 (no flag changes)
  visub 57005, 65535: deae (no flag changes)
  visub 57005, 3855: cf9e (no flag changes)
  visub CVI_ZERO, CVI_ZERO: 0000 (no flag changes)
  visub CVI_ZERO, CVI_ONE: ffff (no flag changes)
  visub CVI_ONE, CVI_ZERO: 0001 (no flag changes)
  visub CVI_ONE, CVI_ONE: 0000 (no flag changes)
  visub CVI_ONE, CVI_NEGONE: 0002 (no flag changes)
  visub CVI_S16_MAX, CVI_S16_MAX: 0000 (no flag changes)
  visub CVI_S16_MIN, CVI_S16_MIN: 0000 (no flag changes)
  visub CVI_S32_MAX, CVI_S32_MAX: 0000 (no flag changes)
  visub CVI_S32_MIN, CVI_S32_MIN: 0000 (no flag changes)
  visub CVI_S64_MAX, CVI_S64_MAX: 0000 (no flag changes)
  visub CVI_S64_MIN, CVI_S64_MIN: 0000 (no flag changes)
  visub CVI_GARBAGE1, CVI_GARBAGE2: 5448 (no flag changes)
  visub -> $0: 0000

-- TEST END
