-- TEST BEGIN
exit thread:
  stat after exit -> init prio: 30 current prio: 30, status: 10
  start after thread exited -> returned thread id
  delete after thread exited -> returned thread id
exit delete thread:
  start after thread exited -> returned -1
  delete after thread exited -> returned -1
-- TEST END
